// Jest Snapshot v1, https://goo.gl/fbAQLP

exports[`<NewPassword /> renders the NewPassword component correctly 1`] = `ShallowWrapper {}`;
