// Jest Snapshot v1, https://goo.gl/fbAQLP

exports[`<ResetPassword /> renders the ResetPassword component correctly 1`] = `ShallowWrapper {}`;
