// Jest Snapshot v1, https://goo.gl/fbAQLP

exports[`<ResetPasswordConfirmation /> renders the ResetPasswordConfirmation component correctly 1`] = `ShallowWrapper {}`;
