// Jest Snapshot v1, https://goo.gl/fbAQLP

exports[`<Feedback /> renders the Feedback component correctly 1`] = `
<styled.div>
  <Spinner />
  <p>
    Oops! Something went wrong
    <span
      aria-label="sad emoji"
      role="img"
    >
      ðŸ˜”
    </span>
  </p>
</styled.div>
`;
