// Jest Snapshot v1, https://goo.gl/fbAQLP

exports[`<Navigation /> renders the Navigation component correctly 1`] = `
<ContextConsumer>
  <Component />
</ContextConsumer>
`;
