// Jest Snapshot v1, https://goo.gl/fbAQLP

exports[`<PrivateRoute /> renders the PrivateRoute component correctly 1`] = `ShallowWrapper {}`;
