// Jest Snapshot v1, https://goo.gl/fbAQLP

exports[`<SideNavItem /> renders the SideNavItem component correctly 1`] = `ShallowWrapper {}`;
