// Jest Snapshot v1, https://goo.gl/fbAQLP

exports[`<TextInput /> renders the TextInput component correctly 1`] = `ShallowWrapper {}`;
