// Jest Snapshot v1, https://goo.gl/fbAQLP

exports[`<Sidebar /> renders the Sidebar component correctly 1`] = `
<ContextConsumer>
  <Component />
</ContextConsumer>
`;
