// Jest Snapshot v1, https://goo.gl/fbAQLP

exports[`<Signin /> renders the App component correctly 1`] = `ShallowWrapper {}`;
